Clock: clk
Sources: clk 
Generated: no
Virtual: yes
Propagated: no
Period: 10.000000

===========================================================================
report_clock_properties
============================================================================
Clock                   Period          Waveform
----------------------------------------------------
clk                  10.000000    0.000000  5.000000

===========================================================================
report_clock_latency
============================================================================
Clock clk
rise -> rise
    min     max
0.000000 0.000000 source latency
0.369637         network latency _118_/CLK
        0.375221 network latency _119_/CLK
---------------
0.369637 0.375221 latency
        0.005585 skew

fall -> fall
    min     max
0.000000 0.000000 source latency
0.344934         network latency _118_/CLK
        0.349553 network latency _119_/CLK
---------------
0.344934 0.349553 latency
        0.004619 skew



===========================================================================
report_clock_min_period
============================================================================
clk period_min = 3.90 fmax = 256.11
