
===========================================================================
 report_power
============================================================================
======================= min_tt_025C_1v80 Corner ===================================

Group                    Internal    Switching      Leakage        Total
                            Power        Power        Power        Power (Watts)
------------------------------------------------------------------------
Sequential           2.260773e-04 3.971324e-05 4.057717e-10 2.657909e-04  28.1%
Combinational        2.173979e-04 2.098540e-04 6.712065e-10 4.272526e-04  45.2%
Clock                1.839952e-04 6.754949e-05 7.392799e-10 2.515454e-04  26.6%
Macro                0.000000e+00 0.000000e+00 0.000000e+00 0.000000e+00   0.0%
Pad                  0.000000e+00 0.000000e+00 0.000000e+00 0.000000e+00   0.0%
------------------------------------------------------------------------
Total                6.274706e-04 3.171166e-04 1.816258e-09 9.445891e-04 100.0%
                            66.4%        33.6%         0.0%

