
===========================================================================
 report_power
============================================================================
======================= nom_tt_025C_1v80 Corner ===================================

Group                    Internal    Switching      Leakage        Total
                            Power        Power        Power        Power (Watts)
------------------------------------------------------------------------
Sequential           2.256361e-04 1.565732e-04 4.057717e-10 3.822098e-04  77.4%
Combinational        7.317200e-05 3.844612e-05 2.284375e-10 1.116183e-04  22.6%
Clock                0.000000e+00 0.000000e+00 1.490417e-10 1.490417e-10   0.0%
Macro                0.000000e+00 0.000000e+00 0.000000e+00 0.000000e+00   0.0%
Pad                  0.000000e+00 0.000000e+00 0.000000e+00 0.000000e+00   0.0%
------------------------------------------------------------------------
Total                2.988082e-04 1.950193e-04 7.832501e-10 4.938282e-04 100.0%
                            60.5%        39.5%         0.0%
Writing metric power__internal__total: 0.00029880815418437123
Writing metric power__switching__total: 0.0001950193109223619
Writing metric power__leakage__total: 7.832500759086258e-10
Writing metric power__total: 0.0004938282072544098

