
===========================================================================
 report_power
============================================================================
======================= nom_ff_n40C_1v95 Corner ===================================

Group                    Internal    Switching      Leakage        Total
                            Power        Power        Power        Power (Watts)
------------------------------------------------------------------------
Sequential           2.631346e-04 1.748143e-04 6.915574e-10 4.379496e-04  77.9%
Combinational        8.187765e-05 4.203780e-05 3.702832e-10 1.239158e-04  22.1%
Clock                0.000000e+00 0.000000e+00 0.000000e+00 0.000000e+00   0.0%
Macro                0.000000e+00 0.000000e+00 0.000000e+00 0.000000e+00   0.0%
Pad                  0.000000e+00 0.000000e+00 0.000000e+00 0.000000e+00   0.0%
------------------------------------------------------------------------
Total                3.450121e-04 2.168520e-04 1.061841e-09 5.618652e-04 100.0%
                            61.4%        38.6%         0.0%

