
===========================================================================
 report_power
============================================================================
======================= max_ss_100C_1v60 Corner ===================================

Group                    Internal    Switching      Leakage        Total
                            Power        Power        Power        Power (Watts)
------------------------------------------------------------------------
Sequential           1.765341e-04 3.333013e-05 7.429633e-07 2.106072e-04  27.6%
Combinational        1.758503e-04 1.697254e-04 8.403962e-07 3.464161e-04  45.4%
Clock                1.497893e-04 5.568935e-05 2.169431e-07 2.056955e-04  27.0%
Macro                0.000000e+00 0.000000e+00 0.000000e+00 0.000000e+00   0.0%
Pad                  0.000000e+00 0.000000e+00 0.000000e+00 0.000000e+00   0.0%
------------------------------------------------------------------------
Total                5.021737e-04 2.587449e-04 1.800303e-06 7.627189e-04 100.0%
                            65.8%        33.9%         0.2%

