+ analyze_power_grid -net VPWR -voltage_file /Users/rein/projects/htax-verify/impl/runs/RUN_2026-05-15_19-07-52/56-openroad-irdropreport/net-VPWR.csv
[INFO PSM-0040] All shapes on net VPWR are connected.
########## IR report #################
Net              : VPWR
Corner           : nom_tt_025C_1v80
Total power      : 9.52e-04 W
Supply voltage   : 1.80e+00 V
Worstcase voltage: 1.80e+00 V
Average voltage  : 1.80e+00 V
Average IR drop  : 1.94e-04 V
Worstcase IR drop: 4.14e-04 V
Percentage drop  : 0.02 %
######################################
+ analyze_power_grid -net VGND -voltage_file /Users/rein/projects/htax-verify/impl/runs/RUN_2026-05-15_19-07-52/56-openroad-irdropreport/net-VGND.csv
[INFO PSM-0040] All shapes on net VGND are connected.
########## IR report #################
Net              : VGND
Corner           : nom_tt_025C_1v80
Total power      : 9.52e-04 W
Supply voltage   : 0.00e+00 V
Worstcase voltage: 4.06e-04 V
Average voltage  : 1.76e-04 V
Average IR drop  : 1.76e-04 V
Worstcase IR drop: 4.06e-04 V
Percentage drop  : 0.02 %
######################################
