
===========================================================================
 report_power
============================================================================
======================= nom_tt_025C_1v80 Corner ===================================

Group                    Internal    Switching      Leakage        Total
                            Power        Power        Power        Power (Watts)
------------------------------------------------------------------------
Sequential           2.257743e-04 1.485505e-04 4.057717e-10 3.743252e-04  77.6%
Combinational        7.300649e-05 3.508201e-05 2.284375e-10 1.080887e-04  22.4%
Clock                0.000000e+00 0.000000e+00 0.000000e+00 0.000000e+00   0.0%
Macro                0.000000e+00 0.000000e+00 0.000000e+00 0.000000e+00   0.0%
Pad                  0.000000e+00 0.000000e+00 0.000000e+00 0.000000e+00   0.0%
------------------------------------------------------------------------
Total                2.987808e-04 1.836325e-04 6.342092e-10 4.824139e-04 100.0%
                            61.9%        38.1%         0.0%

