                                                                     Buffers by Cell Master                                                                     
┏━━━━━━━━━━━━━━━━━━━━━━━━━━━━━━━━━━━━━━━━━━━━━━━━━━━━━━━━━━━━━━━━━━━━━━━━━━━━━━━━━━━━━━━━━━━━━━━━━━━━━━━━━━━━━━━━━━━━━━━━━━━━━━━━━━━┳━━━━━━━━━━━━━━━━━━━━━━━━━━┓
┃ Buffer                                                                                                                            ┃ Count                    ┃
┡━━━━━━━━━━━━━━━━━━━━━━━━━━━━━━━━━━━━━━━━━━━━━━━━━━━━━━━━━━━━━━━━━━━━━━━━━━━━━━━━━━━━━━━━━━━━━━━━━━━━━━━━━━━━━━━━━━━━━━━━━━━━━━━━━━━╇━━━━━━━━━━━━━━━━━━━━━━━━━━┩
│ sky130_fd_sc_hd__buf_4                                                                                                            │ 1                        │
│ sky130_fd_sc_hd__clkbuf_16                                                                                                        │ 9                        │
│ sky130_fd_sc_hd__clkbuf_2                                                                                                         │ 1                        │
│ sky130_fd_sc_hd__clkbuf_4                                                                                                         │ 8                        │
│ sky130_fd_sc_hd__clkdlybuf4s25_1                                                                                                  │ 77                       │
│ sky130_fd_sc_hd__dlygate4sd3_1                                                                                                    │ 34                       │
└───────────────────────────────────────────────────────────────────────────────────────────────────────────────────────────────────┴──────────────────────────┘
