                                                                       Cells by Function                                                                        
┏━━━━━━━━━━━━━━━━━━━━━━━━━━━━━━━━━━━━━━━━━━━━━━━━━━━━━━━━━━━━━━━━━━━━━━━━━━━━━━━━━━━━━━━━━━━━━━━━━━━━━━━━━━━━━━━━━━━━━━━━━━━━━━━━━┳━━━━━━━━━━━━━━━━━━━━━━━━━━━━┓
┃ Cell Function                                                                                                                   ┃ Count                      ┃
┡━━━━━━━━━━━━━━━━━━━━━━━━━━━━━━━━━━━━━━━━━━━━━━━━━━━━━━━━━━━━━━━━━━━━━━━━━━━━━━━━━━━━━━━━━━━━━━━━━━━━━━━━━━━━━━━━━━━━━━━━━━━━━━━━━╇━━━━━━━━━━━━━━━━━━━━━━━━━━━━┩
│ sky130_fd_sc_hd__a21o                                                                                                           │ 2                          │
│ sky130_fd_sc_hd__a2bb2o                                                                                                         │ 1                          │
│ sky130_fd_sc_hd__and2                                                                                                           │ 2                          │
│ sky130_fd_sc_hd__and3                                                                                                           │ 1                          │
│ sky130_fd_sc_hd__buf                                                                                                            │ 1                          │
│ sky130_fd_sc_hd__clkbuf                                                                                                         │ 18                         │
│ sky130_fd_sc_hd__clkdlybuf4s25                                                                                                  │ 77                         │
│ sky130_fd_sc_hd__decap                                                                                                          │ 184                        │
│ sky130_fd_sc_hd__dfrtp                                                                                                          │ 37                         │
│ sky130_fd_sc_hd__dfstp                                                                                                          │ 1                          │
│ sky130_fd_sc_hd__dlygate4sd3                                                                                                    │ 34                         │
│ sky130_fd_sc_hd__fill                                                                                                           │ 107                        │
│ sky130_fd_sc_hd__inv                                                                                                            │ 3                          │
│ sky130_fd_sc_hd__mux2                                                                                                           │ 34                         │
│ sky130_fd_sc_hd__nand2b                                                                                                         │ 1                          │
│ sky130_fd_sc_hd__nor2                                                                                                           │ 2                          │
│ sky130_fd_sc_hd__o21a                                                                                                           │ 1                          │
│ sky130_fd_sc_hd__o21ba                                                                                                          │ 1                          │
│ sky130_fd_sc_hd__or4                                                                                                            │ 1                          │
│ sky130_fd_sc_hd__tapvpwrvgnd                                                                                                    │ 50                         │
│ sky130_fd_sc_hd__xnor2                                                                                                          │ 5                          │
│ sky130_fd_sc_hd__xor2                                                                                                           │ 1                          │
└─────────────────────────────────────────────────────────────────────────────────────────────────────────────────────────────────┴────────────────────────────┘
