Clock: clk
Sources: clk 
Generated: no
Virtual: yes
Propagated: no
Period: 10.000000

===========================================================================
report_clock_properties
============================================================================
Clock                   Period          Waveform
----------------------------------------------------
clk                  10.000000    0.000000  5.000000

===========================================================================
report_clock_latency
============================================================================
Clock clk
rise -> rise
    min     max
0.000000 0.000000 source latency
0.349244         network latency _118_/CLK
        0.352324 network latency _115_/CLK
---------------
0.349244 0.352324 latency
        0.003081 skew

fall -> fall
    min     max
0.000000 0.000000 source latency
0.331917         network latency _118_/CLK
        0.334409 network latency _115_/CLK
---------------
0.331917 0.334409 latency
        0.002492 skew



===========================================================================
report_clock_min_period
============================================================================
clk period_min = 3.71 fmax = 269.39
