
===========================================================================
 report_power
============================================================================
======================= nom_tt_025C_1v80 Corner ===================================

Group                    Internal    Switching      Leakage        Total
                            Power        Power        Power        Power (Watts)
------------------------------------------------------------------------
Sequential           2.256422e-04 3.192349e-05 4.057717e-10 2.575661e-04  30.7%
Combinational        1.531569e-04 1.854504e-04 5.294678e-10 3.386078e-04  40.3%
Clock                1.834926e-04 6.001871e-05 2.921547e-10 2.435116e-04  29.0%
Macro                0.000000e+00 0.000000e+00 0.000000e+00 0.000000e+00   0.0%
Pad                  0.000000e+00 0.000000e+00 0.000000e+00 0.000000e+00   0.0%
------------------------------------------------------------------------
Total                5.622917e-04 2.773926e-04 1.227394e-09 8.396855e-04 100.0%
                            67.0%        33.0%         0.0%
Writing metric power__internal__total: 0.0005622916505672038
Writing metric power__switching__total: 0.00027739262441173196
Writing metric power__leakage__total: 1.2273939642426512e-9
Writing metric power__total: 0.0008396854973398149

