
===========================================================================
 report_power
============================================================================
======================= nom_tt_025C_1v80 Corner ===================================

Group                    Internal    Switching      Leakage        Total
                            Power        Power        Power        Power (Watts)
------------------------------------------------------------------------
Sequential           2.257797e-04 3.387424e-05 4.057717e-10 2.596543e-04  28.3%
Combinational        2.171160e-04 1.978991e-04 6.712070e-10 4.150158e-04  45.2%
Clock                1.835128e-04 6.022383e-05 2.921547e-10 2.437370e-04  26.5%
Macro                0.000000e+00 0.000000e+00 0.000000e+00 0.000000e+00   0.0%
Pad                  0.000000e+00 0.000000e+00 0.000000e+00 0.000000e+00   0.0%
------------------------------------------------------------------------
Total                6.264085e-04 2.919973e-04 1.369133e-09 9.184072e-04 100.0%
                            68.2%        31.8%         0.0%
Writing metric power__internal__total: 0.0006264084950089455
Writing metric power__switching__total: 0.0002919973339885473
Writing metric power__leakage__total: 1.3691331401943785e-9
Writing metric power__total: 0.0009184072259813547

