
===========================================================================
 report_power
============================================================================
======================= nom_ss_100C_1v60 Corner ===================================

Group                    Internal    Switching      Leakage        Total
                            Power        Power        Power        Power (Watts)
------------------------------------------------------------------------
Sequential           1.765221e-04 3.211010e-05 7.429633e-07 2.093752e-04  27.6%
Combinational        1.758018e-04 1.673471e-04 8.403962e-07 3.439892e-04  45.4%
Clock                1.496974e-04 5.403543e-05 2.169431e-07 2.039497e-04  26.9%
Macro                0.000000e+00 0.000000e+00 0.000000e+00 0.000000e+00   0.0%
Pad                  0.000000e+00 0.000000e+00 0.000000e+00 0.000000e+00   0.0%
------------------------------------------------------------------------
Total                5.020211e-04 2.534925e-04 1.800303e-06 7.573140e-04 100.0%
                            66.3%        33.5%         0.2%

