
===========================================================================
report_checks -unconstrained
===========================================================================
======================= min_ff_n40C_1v95 Corner ===================================

Startpoint: rst_n (input port clocked by clk)
Endpoint: _118_ (recovery check against rising-edge clock clk)
Path Group: asynchronous
Path Type: max

Fanout         Cap        Slew       Delay        Time   Description
---------------------------------------------------------------------------------------------
                                  0.000000    0.000000   clock clk (rise edge)
                                  0.000000    0.000000   clock network delay (propagated)
                                  2.000000    2.000000 ^ input external delay
     1    0.003678    0.017070    0.009531    2.009531 ^ rst_n (in)
                                                         rst_n (net)
                      0.017071    0.000000    2.009531 ^ input1/A (sky130_fd_sc_hd__clkdlybuf4s25_1)
     1    0.003260    0.034868    0.156312    2.165843 ^ input1/X (sky130_fd_sc_hd__clkdlybuf4s25_1)
                                                         net1 (net)
                      0.034868    0.000034    2.165876 ^ fanout80/A (sky130_fd_sc_hd__clkdlybuf4s25_1)
     6    0.031753    0.240911    0.306567    2.472443 ^ fanout80/X (sky130_fd_sc_hd__clkdlybuf4s25_1)
                                                         net80 (net)
                      0.240911    0.000149    2.472592 ^ fanout77/A (sky130_fd_sc_hd__clkdlybuf4s25_1)
     6    0.028102    0.214375    0.317100    2.789693 ^ fanout77/X (sky130_fd_sc_hd__clkdlybuf4s25_1)
                                                         net77 (net)
                      0.214375    0.000613    2.790306 ^ load_slew78/A (sky130_fd_sc_hd__clkbuf_2)
     5    0.024903    0.108428    0.150857    2.941163 ^ load_slew78/X (sky130_fd_sc_hd__clkbuf_2)
                                                         net78 (net)
                      0.108430    0.000638    2.941801 ^ _118_/RESET_B (sky130_fd_sc_hd__dfrtp_2)
                                              2.941801   data arrival time

                                 10.000000   10.000000   clock clk (rise edge)
                                  0.000000   10.000000   clock source latency
     1    0.014773    0.054371    0.036708   10.036709 ^ clk (in)
                                                         clk (net)
                      0.054373    0.000000   10.036709 ^ clkbuf_0_clk/A (sky130_fd_sc_hd__clkbuf_16)
     8    0.080919    0.074600    0.126119   10.162827 ^ clkbuf_0_clk/X (sky130_fd_sc_hd__clkbuf_16)
                                                         clknet_0_clk (net)
                      0.074669    0.001315   10.164142 ^ clkbuf_3_7__f_clk/A (sky130_fd_sc_hd__clkbuf_16)
     5    0.012828    0.026941    0.091711   10.255853 ^ clkbuf_3_7__f_clk/X (sky130_fd_sc_hd__clkbuf_16)
                                                         clknet_3_7__leaf_clk (net)
                      0.026941    0.000113   10.255965 ^ _118_/CLK (sky130_fd_sc_hd__dfrtp_2)
                                 -0.250000   10.005965   clock uncertainty
                                  0.000000   10.005965   clock reconvergence pessimism
                                  0.113200   10.119164   library recovery time
                                             10.119164   data required time
---------------------------------------------------------------------------------------------
                                             10.119164   data required time
                                             -2.941801   data arrival time
---------------------------------------------------------------------------------------------
                                              7.177364   slack (MET)


Startpoint: rst_n (input port clocked by clk)
Endpoint: tx_ready (output port clocked by clk)
Path Group: clk
Path Type: max

Fanout         Cap        Slew       Delay        Time   Description
---------------------------------------------------------------------------------------------
                                  0.000000    0.000000   clock clk (rise edge)
                                  0.000000    0.000000   clock network delay (propagated)
                                  2.000000    2.000000 ^ input external delay
     1    0.003678    0.017070    0.009531    2.009531 ^ rst_n (in)
                                                         rst_n (net)
                      0.017071    0.000000    2.009531 ^ input1/A (sky130_fd_sc_hd__clkdlybuf4s25_1)
     1    0.003260    0.034868    0.156312    2.165843 ^ input1/X (sky130_fd_sc_hd__clkdlybuf4s25_1)
                                                         net1 (net)
                      0.034868    0.000034    2.165876 ^ fanout80/A (sky130_fd_sc_hd__clkdlybuf4s25_1)
     6    0.031753    0.240911    0.306567    2.472443 ^ fanout80/X (sky130_fd_sc_hd__clkdlybuf4s25_1)
                                                         net80 (net)
                      0.240911    0.000149    2.472592 ^ fanout77/A (sky130_fd_sc_hd__clkdlybuf4s25_1)
     6    0.028102    0.214375    0.317100    2.789693 ^ fanout77/X (sky130_fd_sc_hd__clkdlybuf4s25_1)
                                                         net77 (net)
                      0.214375    0.000613    2.790306 ^ load_slew78/A (sky130_fd_sc_hd__clkbuf_2)
     5    0.024903    0.108428    0.150857    2.941163 ^ load_slew78/X (sky130_fd_sc_hd__clkbuf_2)
                                                         net78 (net)
                      0.108429    0.000533    2.941696 ^ _058_/B (sky130_fd_sc_hd__and3_2)
     2    0.005306    0.036272    0.121161    3.062857 ^ _058_/X (sky130_fd_sc_hd__and3_2)
                                                         net68 (net)
                      0.036272    0.000047    3.062904 ^ output68/A (sky130_fd_sc_hd__clkdlybuf4s25_1)
     1    0.034764    0.262910    0.322555    3.385459 ^ output68/X (sky130_fd_sc_hd__clkdlybuf4s25_1)
                                                         tx_ready (net)
                      0.262910    0.000325    3.385784 ^ tx_ready (out)
                                              3.385784   data arrival time

                                 10.000000   10.000000   clock clk (rise edge)
                                  0.000000   10.000000   clock network delay (propagated)
                                 -0.250000    9.750000   clock uncertainty
                                  0.000000    9.750000   clock reconvergence pessimism
                                 -2.000000    7.750000   output external delay
                                              7.750000   data required time
---------------------------------------------------------------------------------------------
                                              7.750000   data required time
                                             -3.385784   data arrival time
---------------------------------------------------------------------------------------------
                                              4.364216   slack (MET)




===========================================================================
report_checks --slack_max -0.01
============================================================================
======================= min_ff_n40C_1v95 Corner ===================================

No paths found.


===========================================================================
 report_check_types -max_slew -max_cap -max_fanout -violators
============================================================================
======================= min_ff_n40C_1v95 Corner ===================================



===========================================================================
report_parasitic_annotation -report_unannotated
============================================================================
Found 10 unannotated drivers.
 tx_vc[0]
 tx_vc[1]
 tx_vc[2]
 clkload0/X
 clkload1/X
 clkload2/X
 clkload3/X
 clkload4/X
 clkload5/X
 clkload6/X
Found 0 partially unannotated drivers.

===========================================================================
max slew violation count 0
max fanout violation count 0
max cap violation count 0
============================================================================

===========================================================================
check_setup -verbose -unconstrained_endpoints -multiple_clock -no_clock -no_input_delay -loops -generated_clocks
===========================================================================
