
===========================================================================
 report_power
============================================================================
======================= min_ff_n40C_1v95 Corner ===================================

Group                    Internal    Switching      Leakage        Total
                            Power        Power        Power        Power (Watts)
------------------------------------------------------------------------
Sequential           2.619645e-04 4.742268e-05 6.915574e-10 3.093879e-04  28.2%
Combinational        2.488200e-04 2.476361e-04 1.725163e-09 4.964578e-04  45.2%
Clock                2.109165e-04 8.073927e-05 1.384773e-09 2.916572e-04  26.6%
Macro                0.000000e+00 0.000000e+00 0.000000e+00 0.000000e+00   0.0%
Pad                  0.000000e+00 0.000000e+00 0.000000e+00 0.000000e+00   0.0%
------------------------------------------------------------------------
Total                7.217009e-04 3.757979e-04 3.801491e-09 1.097503e-03 100.0%
                            65.8%        34.2%         0.0%

