
===========================================================================
 report_power
============================================================================
======================= nom_tt_025C_1v80 Corner ===================================

Group                    Internal    Switching      Leakage        Total
                            Power        Power        Power        Power (Watts)
------------------------------------------------------------------------
Sequential           2.258751e-04 3.703709e-05 4.057717e-10 2.629126e-04  28.0%
Combinational        2.177754e-04 2.076079e-04 6.712070e-10 4.253839e-04  45.3%
Clock                1.840346e-04 6.664867e-05 2.921547e-10 2.506836e-04  26.7%
Macro                0.000000e+00 0.000000e+00 0.000000e+00 0.000000e+00   0.0%
Pad                  0.000000e+00 0.000000e+00 0.000000e+00 0.000000e+00   0.0%
------------------------------------------------------------------------
Total                6.276853e-04 3.112935e-04 1.369133e-09 9.389803e-04 100.0%
                            66.8%        33.2%         0.0%
Writing metric power__internal__total: 0.0006276853382587433
Writing metric power__switching__total: 0.00031129352282732725
Writing metric power__leakage__total: 1.3691331401943785e-9
Writing metric power__total: 0.0009389802580699325

