152. Printing statistics.

=== htax ===

        +----------Local Count, excluding submodules.
        |        +-Local Area, excluding submodules.
        |        | 
       67        - wires
      131        - wire bits
       13        - public wires
       77        - public wire bits
        8        - ports
       72        - port bits
       93 1.59E+03 cells
        2   17.517   sky130_fd_sc_hd__a21o_2
        1   11.261   sky130_fd_sc_hd__a2bb2o_2
        2   15.014   sky130_fd_sc_hd__and2_2
        1    7.507   sky130_fd_sc_hd__and3_2
       37  972.182   sky130_fd_sc_hd__dfrtp_2
        1   26.275   sky130_fd_sc_hd__dfstp_2
        3   11.261   sky130_fd_sc_hd__inv_2
       34  382.867   sky130_fd_sc_hd__mux2_1
        1    8.758   sky130_fd_sc_hd__nand2b_2
        2   12.512   sky130_fd_sc_hd__nor2_2
        1    8.758   sky130_fd_sc_hd__o21a_2
        1    10.01   sky130_fd_sc_hd__o21ba_2
        1    8.758   sky130_fd_sc_hd__or4_2
        5   81.328   sky130_fd_sc_hd__xnor2_2
        1   16.266   sky130_fd_sc_hd__xor2_2

   Chip area for module '\htax': 1590.275200
     of which used for sequential elements: 998.457600 (62.79%)

