Clock: clk
Sources: clk 
Generated: no
Virtual: yes
Propagated: no
Period: 10.000000

===========================================================================
report_clock_properties
============================================================================
Clock                   Period          Waveform
----------------------------------------------------
clk                  10.000000    0.000000  5.000000

===========================================================================
report_clock_latency
============================================================================
Clock clk
rise -> rise
    min     max
0.000000 0.000000 source latency
0.637908         network latency _118_/CLK
        0.646358 network latency _119_/CLK
---------------
0.637908 0.646358 latency
        0.008451 skew

fall -> fall
    min     max
0.000000 0.000000 source latency
0.612882         network latency _118_/CLK
        0.619763 network latency _119_/CLK
---------------
0.612882 0.619763 latency
        0.006881 skew



===========================================================================
report_clock_min_period
============================================================================
clk period_min = 7.82 fmax = 127.93
