
===========================================================================
 report_power
============================================================================
======================= min_ss_100C_1v60 Corner ===================================

Group                    Internal    Switching      Leakage        Total
                            Power        Power        Power        Power (Watts)
------------------------------------------------------------------------
Sequential           1.765039e-04 3.088256e-05 7.429633e-07 2.081295e-04  27.7%
Combinational        1.757431e-04 1.646295e-04 8.403962e-07 3.412130e-04  45.4%
Clock                1.495933e-04 5.243317e-05 2.169431e-07 2.022434e-04  26.9%
Macro                0.000000e+00 0.000000e+00 0.000000e+00 0.000000e+00   0.0%
Pad                  0.000000e+00 0.000000e+00 0.000000e+00 0.000000e+00   0.0%
------------------------------------------------------------------------
Total                5.018403e-04 2.479453e-04 1.800303e-06 7.515859e-04 100.0%
                            66.8%        33.0%         0.2%

